<?xml version="1.0" encoding="utf-8"?><testsuites><testsuite name="pytest" errors="0" failures="0" skipped="0" tests="4" time="2.311" timestamp="2023-10-25T14:45:53.622719" hostname="DiegoHL"><testcase classname="tests.api.test_api.TestBatchPipeline" name="test_should_failed_unkown_column_1" time="0.090" /><testcase classname="tests.api.test_api.TestBatchPipeline" name="test_should_failed_unkown_column_2" time="0.071" /><testcase classname="tests.api.test_api.TestBatchPipeline" name="test_should_failed_unkown_column_3" time="0.075" /><testcase classname="tests.api.test_api.TestBatchPipeline" name="test_should_get_predict" time="0.115" /></testsuite></testsuites>